mode: set
calculator/internal/input/validation.go:23.52,26.21 2 1
calculator/internal/input/validation.go:26.21,27.39 1 1
calculator/internal/input/validation.go:27.39,29.4 1 0
calculator/internal/input/validation.go:30.3,30.26 1 1
calculator/internal/input/validation.go:33.2,34.16 2 1
calculator/internal/input/validation.go:34.16,36.3 1 1
calculator/internal/input/validation.go:38.2,39.16 2 1
calculator/internal/input/validation.go:39.16,41.3 1 1
calculator/internal/input/validation.go:43.2,43.30 1 1
calculator/internal/input/validation.go:43.30,45.3 1 1
calculator/internal/input/validation.go:47.2,47.20 1 1
calculator/internal/input/validation.go:52.52,55.21 2 1
calculator/internal/input/validation.go:55.21,56.39 1 1
calculator/internal/input/validation.go:56.39,58.4 1 0
calculator/internal/input/validation.go:59.3,59.26 1 1
calculator/internal/input/validation.go:62.2,63.16 2 1
calculator/internal/input/validation.go:63.16,65.3 1 1
calculator/internal/input/validation.go:67.2,68.16 2 1
calculator/internal/input/validation.go:68.16,70.3 1 1
calculator/internal/input/validation.go:72.2,72.20 1 1
